[auto b6-light] iter 1 state=initialized next=plan valid_next=['plan'] legacy_next=plan
[auto b6-light] running: megaplan plan --plan b6-light
[auto b6-light] phase 'plan' exited with internal_error: {"success": false, "error": "parse_error", "message": "omp output for step 'plan' is not a single exact JSON object (prose, markdown fences, or truncation)", "details": {"raw_output": "# Implementation Plan: Add Greeter Module\n\n## Overview\n\nAdd a minimal `tools/greeter.py` module and `tests/test_greeter.py` to the project root. Two new files, no edits to existing files, no new dependencies. The project already has a `tools/` directory with an `__init__.py` and a `tests/` directory with existing pytest infrastructure.\n\n**Constraints:** No existing files are modified. No new dependencies. Tests pass with `python -m pytest tests/test_greeter.py -q`.\n\n**Complexity assessment:** Trivial (1). Two new files, mechanically simple logic, zero existing-file edits.\n\n## Main Phase\n\n### Step 1: Create `tools/greeter.py`\n**Scope:** Single new file. Complexity: 1.\n\n1. **Create** `tools/greeter.py` with:\n   - A `greet(name: str, punctuation: str = \"!\") -> str` function that returns `f\"Hello, {name}{punctuation}\"`.\n   - A `__main__` block: `if __name__ == \"__main__\": print(greet(\"world\"))`\n\n### Step 2: Create `tests/test_greeter.py`\n**Scope:** Single new file. Complexity: 1.\n\n1. **Create** `tests/test_greeter.py` with three pytest functions:\n   - `test_default_greeting()` \u2014 `assert greet(\"Ada\") == \"Hello, Ada!\"`\n   - `test_custom_punctuation()` \u2014 `assert greet(\"Ada\", \".\") == \"Hello, Ada.\"`\n   - `test_empty_name()` \u2014 `assert greet(\"\") == \"Hello, !\"`\n\n### Step 3: Verify tests pass\n**Scope:** Run command. Complexity: 1.\n\n1. **Run** `python -m pytest tests/test_greeter.py -q` and confirm all three tests pass with exit code 0.\n\n## Execution Order\n1. Create `tools/greeter.py` first (test file depends on it).\n2. Create `tests/test_greeter.py`.\n3. Run the test suite to verify everything works.\n\n## Validation Order\n1. Test suite is the sole validation gate \u2014 run `python -m pytest tests/test_greeter.py -q`."}}
[auto b6-light] iter 2 state=initialized next=plan valid_next=['plan'] legacy_next=plan
[auto b6-light] running: megaplan plan --plan b6-light
[auto b6-light] iter 3 state=planned next=critique valid_next=['critique'] legacy_next=critique
[auto b6-light] running: megaplan critique --plan b6-light
[auto b6-light] phase 'critique' exited with internal_error: {"success": false, "error": "parse_error", "message": "omp output for step 'critique' is not a single exact JSON object (prose, markdown fences, or truncation)", "details": {"raw_output": "Critique complete. No flags raised.\n\nEvidence for the clean pass:\n- **Repo facts verified**: `pytest>=8.0` in core deps, `pythonpath = [\".\"]`, `testpaths = [\"tests\"]`, `--import-mode=importlib` all present in `pyproject.toml`. `tools/` is already a package (`__init__.py` present), so `from tools.greeter import greet` works without any existing-file edit. Neither `tools/greeter.py` nor `tests/test_greeter.py` exists.\n- **Brief fidelity**: plan matches `tests/fixtures/bakeoff_idea_greeter.md` exactly \u2014 module path, signature, `__main__` block, three test cases, and the `tests/test_greeter.py` placement (which the brief names explicitly, even though `tests/tools/` is the house convention for tools tests \u2014 deliberate brief decision, not a plan defect).\n- **No blast radius**: new standalone module, no imports from the codebase, `tools/` excluded from wheel packaging; no caller or existing-test impact.\n- **Structure/complexity**: all steps scored 1, plan complexity 1, consistent; `must` criteria are yes/no verifiable, `should` is subjective \u2014 calibration correct. No validator warnings.\n- **Sole theoretical failure** (test file lacking the `greet` import) is self-correcting via Step 3's test-run gate; executor-natural at light robustness.\n\nOutput written to `.megaplan/plans/b6-light/critique_output.json` with empty `flags`/`checks`."}}
[auto b6-light] iter 4 state=planned next=critique valid_next=['critique', 'plan'] legacy_next=critique
[auto b6-light] running: megaplan critique --plan b6-light
[auto b6-light] iter 5 state=critiqued next=None valid_next=[] legacy_next=revise
[auto b6-light] workflow cursor from last_step expects one of [gate] but control projection offered [revise]
{
  "status": "blocked",
  "plan": "b6-light",
  "final_state": "blocked",
  "iterations": 5,
  "reason": "workflow cursor from last_step expects one of [gate] but control projection offered [revise]",
  "last_phase": "critique",
  "events": [
    {
      "msg": "iter 1 state=initialized next=plan valid_next=['plan'] legacy_next=plan",
      "iteration": 1,
      "state": "initialized",
      "next_step": "plan",
      "valid_next": [
        "plan"
      ],
      "legacy_next_step": "plan",
      "legacy_valid_next": [
        "plan"
      ]
    },
    {
      "msg": "running: megaplan plan --plan b6-light",
      "phase": "plan",
      "timeout": 3600
    },
    {
      "msg": "phase 'plan' exited with internal_error: {\"success\": false, \"error\": \"parse_error\", \"message\": \"omp output for step 'plan' is not a single exact JSON object (prose, markdown fences, or truncation)\", \"details\": {\"raw_output\": \"# Implementation Plan: Add Greeter Module\\n\\n## Overview\\n\\nAdd a minimal `tools/greeter.py` module and `tests/test_greeter.py` to the project root. Two new files, no edits to existing files, no new dependencies. The project already has a `tools/` directory with an `__init__.py` and a `tests/` directory with existing pytest infrastructure.\\n\\n**Constraints:** No existing files are modified. No new dependencies. Tests pass with `python -m pytest tests/test_greeter.py -q`.\\n\\n**Complexity assessment:** Trivial (1). Two new files, mechanically simple logic, zero existing-file edits.\\n\\n## Main Phase\\n\\n### Step 1: Create `tools/greeter.py`\\n**Scope:** Single new file. Complexity: 1.\\n\\n1. **Create** `tools/greeter.py` with:\\n   - A `greet(name: str, punctuation: str = \\\"!\\\") -> str` function that returns `f\\\"Hello, {name}{punctuation}\\\"`.\\n   - A `__main__` block: `if __name__ == \\\"__main__\\\": print(greet(\\\"world\\\"))`\\n\\n### Step 2: Create `tests/test_greeter.py`\\n**Scope:** Single new file. Complexity: 1.\\n\\n1. **Create** `tests/test_greeter.py` with three pytest functions:\\n   - `test_default_greeting()` \\u2014 `assert greet(\\\"Ada\\\") == \\\"Hello, Ada!\\\"`\\n   - `test_custom_punctuation()` \\u2014 `assert greet(\\\"Ada\\\", \\\".\\\") == \\\"Hello, Ada.\\\"`\\n   - `test_empty_name()` \\u2014 `assert greet(\\\"\\\") == \\\"Hello, !\\\"`\\n\\n### Step 3: Verify tests pass\\n**Scope:** Run command. Complexity: 1.\\n\\n1. **Run** `python -m pytest tests/test_greeter.py -q` and confirm all three tests pass with exit code 0.\\n\\n## Execution Order\\n1. Create `tools/greeter.py` first (test file depends on it).\\n2. Create `tests/test_greeter.py`.\\n3. Run the test suite to verify everything works.\\n\\n## Validation Order\\n1. Test suite is the sole validation gate \\u2014 run `python -m pytest tests/test_greeter.py -q`.\"}}"
    },
    {
      "msg": "iter 2 state=initialized next=plan valid_next=['plan'] legacy_next=plan",
      "iteration": 2,
      "state": "initialized",
      "next_step": "plan",
      "valid_next": [
        "plan"
      ],
      "legacy_next_step": "plan",
      "legacy_valid_next": [
        "plan"
      ]
    },
    {
      "msg": "running: megaplan plan --plan b6-light",
      "phase": "plan",
      "timeout": 3600
    },
    {
      "msg": "iter 3 state=planned next=critique valid_next=['critique'] legacy_next=critique",
      "iteration": 3,
      "state": "planned",
      "next_step": "critique",
      "valid_next": [
        "critique"
      ],
      "legacy_next_step": "critique",
      "legacy_valid_next": [
        "critique",
        "plan",
        "step"
      ]
    },
    {
      "msg": "running: megaplan critique --plan b6-light",
      "phase": "critique",
      "timeout": 3600
    },
    {
      "msg": "phase 'critique' exited with internal_error: {\"success\": false, \"error\": \"parse_error\", \"message\": \"omp output for step 'critique' is not a single exact JSON object (prose, markdown fences, or truncation)\", \"details\": {\"raw_output\": \"Critique complete. No flags raised.\\n\\nEvidence for the clean pass:\\n- **Repo facts verified**: `pytest>=8.0` in core deps, `pythonpath = [\\\".\\\"]`, `testpaths = [\\\"tests\\\"]`, `--import-mode=importlib` all present in `pyproject.toml`. `tools/` is already a package (`__init__.py` present), so `from tools.greeter import greet` works without any existing-file edit. Neither `tools/greeter.py` nor `tests/test_greeter.py` exists.\\n- **Brief fidelity**: plan matches `tests/fixtures/bakeoff_idea_greeter.md` exactly \\u2014 module path, signature, `__main__` block, three test cases, and the `tests/test_greeter.py` placement (which the brief names explicitly, even though `tests/tools/` is the house convention for tools tests \\u2014 deliberate brief decision, not a plan defect).\\n- **No blast radius**: new standalone module, no imports from the codebase, `tools/` excluded from wheel packaging; no caller or existing-test impact.\\n- **Structure/complexity**: all steps scored 1, plan complexity 1, consistent; `must` criteria are yes/no verifiable, `should` is subjective \\u2014 calibration correct. No validator warnings.\\n- **Sole theoretical failure** (test file lacking the `greet` import) is self-correcting via Step 3's test-run gate; executor-natural at light robustness.\\n\\nOutput written to `.megaplan/plans/b6-light/critique_output.json` with empty `flags`/`checks`.\"}}"
    },
    {
      "msg": "iter 4 state=planned next=critique valid_next=['critique', 'plan'] legacy_next=critique",
      "iteration": 4,
      "state": "planned",
      "next_step": "critique",
      "valid_next": [
        "critique",
        "plan"
      ],
      "legacy_next_step": "critique",
      "legacy_valid_next": [
        "critique",
        "plan",
        "step"
      ]
    },
    {
      "msg": "running: megaplan critique --plan b6-light",
      "phase": "critique",
      "timeout": 3600
    },
    {
      "msg": "iter 5 state=critiqued next=None valid_next=[] legacy_next=revise",
      "iteration": 5,
      "state": "critiqued",
      "next_step": null,
      "valid_next": [],
      "legacy_next_step": "revise",
      "legacy_valid_next": [
        "revise",
        "step"
      ]
    },
    {
      "msg": "workflow cursor from last_step expects one of [gate] but control projection offered [revise]"
    }
  ],
  "total_cost_usd": 0.017512,
  "cost_cap_usd": null,
  "context_retries_used": 0,
  "max_context_retries": 2,
  "external_retries_used": 0,
  "max_external_retries": 1,
  "blocked_retries_used": 0,
  "max_blocked_retries": 1,
  "blocking_reasons": [
    "workflow_cursor_mismatch"
  ],
  "tier_escalations_used": 0,
  "escalation_tier_pin": null,
  "publish": null
}
