[chain] synced last_state for cl2-wbc-backed-ledger-20260805-2140: blocked -> gated
[chain] milestone cl2-ledger-replay starting
[chain] resuming existing plan cl2-wbc-backed-ledger-20260805-2140 for cl2-ledger-replay
[chain] git ls-remote --heads origin megaplan/critique-ledger-accountability-v3-r7-20260805/cl2-ledger-replay -> rc=2
[chain] cleaning worktree for automated branch checkout
[chain] git reset --hard HEAD -> rc=0
[chain] git clean -fd -e .megaplan -> rc=0
[chain] git clean -fd .megaplan/epics -> rc=0
[chain] git clean -fd .megaplan/schemas -> rc=0
[chain] git clean -fd .megaplan/telemetry -> rc=0
[chain] git clean -fd .megaplan/.state-locks -> rc=0
[chain] git checkout -B megaplan/critique-ledger-accountability-v3-r7-20260805/cl2-ledger-replay fix/r7-fresh-child-launch-20260805 -> rc=0
[chain] git push --no-verify -u origin megaplan/critique-ledger-accountability-v3-r7-20260805/cl2-ledger-replay -> rc=128
[chain] git push --no-verify -u origin megaplan/critique-ledger-accountability-v3-r7-20260805/cl2-ledger-replay output:
fatal: could not read Username for 'https://github.com': terminal prompts disabled
{
  "success": false,
  "error": "git_push_failed",
  "message": "git push --no-verify -u origin megaplan/critique-ledger-accountability-v3-r7-20260805/cl2-ledger-replay exited 128"
}
