.................s...................................................... [  3%]
.........................ss............................................. [  6%]
........................................................................ [  9%]
........................................................................ [ 12%]
........................................................................ [ 15%]
........................................................................ [ 18%]
........................................................................ [ 21%]
........................................................................ [ 24%]
........................................................................ [ 27%]
........................................................................ [ 30%]
........................................................................ [ 33%]
........................................................................ [ 36%]
........................................................................ [ 39%]
........................................................................ [ 42%]
........................................................................ [ 45%]
........................................................................ [ 48%]
........................................................................ [ 51%]
........................................................................ [ 54%]
........................................................................ [ 57%]
........................................................................ [ 60%]
........................................................................ [ 63%]
........................................................................ [ 66%]
........................................................................ [ 69%]
........................................................................ [ 72%]
........................................................................ [ 75%]
........................................................................ [ 78%]
........................................................................ [ 81%]
........................................................................ [ 84%]
........................................................................ [ 87%]
........................................................................ [ 90%]
........................................................................ [ 93%]
........................................................................ [ 96%]
........................................................................ [ 99%]
.......                                                                  [100%]
=============================== warnings summary ===============================
tests/arnold/critique_ledger/test_schemas.py::TestGoldenCases::test_golden_case[g-old-03-occurrence-preserve-unknown-field]
  /Users/peteromalley/.pyenv/versions/3.11.11/lib/python3.11/site-packages/_pytest/raises.py:622: PytestWarning: matching against an empty string will *always* pass. If you want to check for an empty message you need to pass '^$'. If you don't want to match you should pass `None` or leave out the parameter.
    super().__init__(match=match, check=check)

-- Docs: https://docs.pytest.org/en/stable/how-to/capture-warnings.html
2380 passed, 3 skipped, 1 warning in 539.39s (0:08:59)
